-- The CXX compiler identification is GNU 13.3.0
-- Detecting CXX compiler ABI info
-- Detecting CXX compiler ABI info - done
-- Check for working CXX compiler: /usr/bin/c++ - skipped
-- Detecting CXX compile features
-- Detecting CXX compile features - done
-- Little endian machine, good!
-- Found PkgConfig: /usr/bin/pkg-config (found version "1.8.1")
CMake Deprecation Warning at /home/runner/work/QoI/QoI/tc/symengine/lib/cmake/symengine/SymEngineConfig.cmake:34 (cmake_minimum_required):
  Compatibility with CMake < 3.10 will be removed from a future version of
  CMake.

  Update the VERSION argument <min> value.  Or, use the <min>...<max> syntax
  to tell CMake that the project requires at least <min> but has been updated
  to work with policies introduced by <max> or earlier.
Call Stack (most recent call first):
  CMakeLists.txt:47 (find_package)


-- Checking for module 'gmp'
--   Found gmp, version 6.3.0
GMP found.
-- Found Git: /usr/bin/git (found version "2.55.0")
-- Repository Git Branch: HEAD, SHA1: 1874108f
-- IPO / LTO enabled
-- Checking for one of the modules 'libzstd'
Zstd found.
CMake Deprecation Warning at /home/runner/work/QoI/QoI/qpet-sperr-build/_deps/cli11-src/CMakeLists.txt:1 (cmake_minimum_required):
  Compatibility with CMake < 3.10 will be removed from a future version of
  CMake.

  Update the VERSION argument <min> value.  Or, use the <min>...<max> syntax
  to tell CMake that the project requires at least <min> but has been updated
  to work with policies introduced by <max> or earlier.


-- Configuring done (2.6s)
-- Generating done (0.0s)
-- Build files have been written to: /home/runner/work/QoI/QoI/qpet-sperr-build
[  2%] Building CXX object _deps/cli11-build/src/CMakeFiles/CLI11.dir/Precompile.cpp.o
[  5%] Building CXX object bin/CMakeFiles/show_version.dir/show_version.cpp.o
[  8%] Building CXX object src/CMakeFiles/SPERR.dir/sperr_helper.cpp.o
[ 11%] Building CXX object src/CMakeFiles/SPERR.dir/Bitstream.cpp.o
[ 14%] Linking CXX executable show_version
[ 14%] Built target show_version
[ 17%] Building CXX object src/CMakeFiles/SPERR.dir/Bitmask.cpp.o
[ 20%] Building CXX object src/CMakeFiles/SPERR.dir/Conditioner.cpp.o
[ 22%] Building CXX object src/CMakeFiles/SPERR.dir/CDF97.cpp.o
/home/runner/work/QoI/QoI/qpet-sperr-src/src/sperr_helper.cpp: In function ‘sperr::vec8_type sperr::read_n_bytes(std::string, std::size_t)’:
/home/runner/work/QoI/QoI/qpet-sperr-src/src/sperr_helper.cpp:271:52: warning: ignoring attributes on template argument ‘int (*)(FILE*)’ [-Wignored-attributes]
  271 |   std::unique_ptr<std::FILE, decltype(&std::fclose)> fp(std::fopen(filename.data(), "rb"),
      |                                                    ^
/home/runner/work/QoI/QoI/qpet-sperr-src/src/sperr_helper.cpp: In function ‘sperr::vec_type<T> sperr::read_whole_file(std::string)’:
/home/runner/work/QoI/QoI/qpet-sperr-src/src/sperr_helper.cpp:297:52: warning: ignoring attributes on template argument ‘int (*)(FILE*)’ [-Wignored-attributes]
  297 |   std::unique_ptr<std::FILE, decltype(&std::fclose)> fp(std::fopen(filename.data(), "rb"),
      |                                                    ^
/home/runner/work/QoI/QoI/qpet-sperr-src/src/sperr_helper.cpp: In function ‘sperr::RTNType sperr::write_n_bytes(std::string, std::size_t, const void*)’:
/home/runner/work/QoI/QoI/qpet-sperr-src/src/sperr_helper.cpp:325:52: warning: ignoring attributes on template argument ‘int (*)(FILE*)’ [-Wignored-attributes]
  325 |   std::unique_ptr<std::FILE, decltype(&std::fclose)> fp(std::fopen(filename.data(), "wb"),
      |                                                    ^
/home/runner/work/QoI/QoI/qpet-sperr-src/src/sperr_helper.cpp: In function ‘sperr::RTNType sperr::read_sections(std::string, const std::vector<long unsigned int>&, vec8_type&)’:
/home/runner/work/QoI/QoI/qpet-sperr-src/src/sperr_helper.cpp:346:52: warning: ignoring attributes on template argument ‘int (*)(FILE*)’ [-Wignored-attributes]
  346 |   std::unique_ptr<std::FILE, decltype(&std::fclose)> fp(std::fopen(filename.data(), "rb"),
      |                                                    ^
[ 25%] Building CXX object src/CMakeFiles/SPERR.dir/SPECK_INT.cpp.o
[ 28%] Building CXX object src/CMakeFiles/SPERR.dir/SPECK3D_INT.cpp.o
[ 31%] Building CXX object src/CMakeFiles/SPERR.dir/SPECK3D_INT_ENC.cpp.o
[ 34%] Building CXX object src/CMakeFiles/SPERR.dir/SPECK3D_INT_DEC.cpp.o
[ 37%] Building CXX object src/CMakeFiles/SPERR.dir/SPECK2D_INT.cpp.o
[ 40%] Building CXX object src/CMakeFiles/SPERR.dir/SPECK2D_INT_ENC.cpp.o
[ 42%] Building CXX object src/CMakeFiles/SPERR.dir/SPECK2D_INT_DEC.cpp.o
[ 45%] Building CXX object src/CMakeFiles/SPERR.dir/SPECK1D_INT.cpp.o
[ 48%] Building CXX object src/CMakeFiles/SPERR.dir/SPECK1D_INT_ENC.cpp.o
[ 51%] Building CXX object src/CMakeFiles/SPERR.dir/SPECK1D_INT_DEC.cpp.o
[ 54%] Building CXX object src/CMakeFiles/SPERR.dir/SPECK_FLT.cpp.o
[ 57%] Building CXX object src/CMakeFiles/SPERR.dir/SPECK3D_FLT.cpp.o
[ 60%] Building CXX object src/CMakeFiles/SPERR.dir/SPECK2D_FLT.cpp.o
[ 62%] Linking CXX static library libCLI11.a
[ 62%] Built target CLI11
[ 65%] Building CXX object src/CMakeFiles/SPERR.dir/SPECK1D_FLT.cpp.o
[ 68%] Building CXX object src/CMakeFiles/SPERR.dir/SPERR3D_OMP_C.cpp.o
[ 71%] Building CXX object src/CMakeFiles/SPERR.dir/SPERR3D_OMP_D.cpp.o
[ 74%] Building CXX object src/CMakeFiles/SPERR.dir/SPERR3D_Stream_Tools.cpp.o
[ 77%] Building CXX object src/CMakeFiles/SPERR.dir/Outlier_Coder.cpp.o
[ 80%] Building CXX object src/CMakeFiles/SPERR.dir/SPERR_C_API.cpp.o
[ 82%] Linking CXX shared library libSPERR.so
[ 82%] Built target SPERR
[ 85%] Building CXX object bin/CMakeFiles/sperr3d.dir/sperr3d.cpp.o
[ 88%] Building CXX object bin/CMakeFiles/sperr3d_trunc.dir/sperr3d_trunc.cpp.o
[ 91%] Building CXX object bin/CMakeFiles/sperr2d.dir/sperr2d.cpp.o
[ 94%] Linking CXX executable sperr3d_trunc
[ 94%] Built target sperr3d_trunc
[ 97%] Linking CXX executable sperr2d
[ 97%] Built target sperr2d
[100%] Linking CXX executable sperr3d
[100%] Built target sperr3d
-- Install configuration: "Release"
-- Installing: /home/runner/work/QoI/QoI/tc/qpet-sperr/lib/libSPERR.so.0.8.2
-- Set non-toolchain portion of runtime path of "/home/runner/work/QoI/QoI/tc/qpet-sperr/lib/libSPERR.so.0.8.2" to "/home/runner/work/QoI/QoI/tc/qpet-sperr/"
-- Installing: /home/runner/work/QoI/QoI/tc/qpet-sperr/lib/libSPERR.so
-- Installing: /home/runner/work/QoI/QoI/tc/qpet-sperr/include/sperr_helper.h
-- Installing: /home/runner/work/QoI/QoI/tc/qpet-sperr/include/Bitstream.h
-- Installing: /home/runner/work/QoI/QoI/tc/qpet-sperr/include/Bitmask.h
-- Installing: /home/runner/work/QoI/QoI/tc/qpet-sperr/include/Conditioner.h
-- Installing: /home/runner/work/QoI/QoI/tc/qpet-sperr/include/CDF97.h
-- Installing: /home/runner/work/QoI/QoI/tc/qpet-sperr/include/SPECK_INT.h
-- Installing: /home/runner/work/QoI/QoI/tc/qpet-sperr/include/SPECK3D_INT.h
-- Installing: /home/runner/work/QoI/QoI/tc/qpet-sperr/include/SPECK3D_INT_ENC.h
-- Installing: /home/runner/work/QoI/QoI/tc/qpet-sperr/include/SPECK3D_INT_DEC.h
-- Installing: /home/runner/work/QoI/QoI/tc/qpet-sperr/include/SPECK2D_INT.h
-- Installing: /home/runner/work/QoI/QoI/tc/qpet-sperr/include/SPECK2D_INT_ENC.h
-- Installing: /home/runner/work/QoI/QoI/tc/qpet-sperr/include/SPECK2D_INT_DEC.h
-- Installing: /home/runner/work/QoI/QoI/tc/qpet-sperr/include/SPECK1D_INT.h
-- Installing: /home/runner/work/QoI/QoI/tc/qpet-sperr/include/SPECK1D_INT_ENC.h
-- Installing: /home/runner/work/QoI/QoI/tc/qpet-sperr/include/SPECK1D_INT_DEC.h
-- Installing: /home/runner/work/QoI/QoI/tc/qpet-sperr/include/SPECK_FLT.h
-- Installing: /home/runner/work/QoI/QoI/tc/qpet-sperr/include/SPECK3D_FLT.h
-- Installing: /home/runner/work/QoI/QoI/tc/qpet-sperr/include/SPECK2D_FLT.h
-- Installing: /home/runner/work/QoI/QoI/tc/qpet-sperr/include/SPECK1D_FLT.h
-- Installing: /home/runner/work/QoI/QoI/tc/qpet-sperr/include/SPERR3D_OMP_C.h
-- Installing: /home/runner/work/QoI/QoI/tc/qpet-sperr/include/SPERR3D_Stream_Tools.h
-- Installing: /home/runner/work/QoI/QoI/tc/qpet-sperr/include/SPERR3D_OMP_D.h
-- Installing: /home/runner/work/QoI/QoI/tc/qpet-sperr/include/Outlier_Coder.h
-- Installing: /home/runner/work/QoI/QoI/tc/qpet-sperr/include/SPERR_C_API.h
-- Installing: /home/runner/work/QoI/QoI/tc/qpet-sperr/bin/show_version
-- Set non-toolchain portion of runtime path of "/home/runner/work/QoI/QoI/tc/qpet-sperr/bin/show_version" to "/home/runner/work/QoI/QoI/tc/qpet-sperr/"
-- Installing: /home/runner/work/QoI/QoI/tc/qpet-sperr/bin/sperr3d
-- Set non-toolchain portion of runtime path of "/home/runner/work/QoI/QoI/tc/qpet-sperr/bin/sperr3d" to "/home/runner/work/QoI/QoI/tc/qpet-sperr/"
-- Installing: /home/runner/work/QoI/QoI/tc/qpet-sperr/bin/sperr2d
-- Set non-toolchain portion of runtime path of "/home/runner/work/QoI/QoI/tc/qpet-sperr/bin/sperr2d" to "/home/runner/work/QoI/QoI/tc/qpet-sperr/"
-- Installing: /home/runner/work/QoI/QoI/tc/qpet-sperr/bin/sperr3d_trunc
-- Set non-toolchain portion of runtime path of "/home/runner/work/QoI/QoI/tc/qpet-sperr/bin/sperr3d_trunc" to "/home/runner/work/QoI/QoI/tc/qpet-sperr/"
-- Installing: /home/runner/work/QoI/QoI/tc/qpet-sperr/share/pkgconfig/SPERR.pc
-- Installing: /home/runner/work/QoI/QoI/tc/qpet-sperr/include/SperrConfig.h
