-- The C compiler identification is GNU 13.3.0
-- The CXX compiler identification is GNU 13.3.0
-- Detecting C compiler ABI info
-- Detecting C compiler ABI info - done
-- Check for working C compiler: /usr/bin/cc - skipped
-- Detecting C compile features
-- Detecting C compile features - done
-- Detecting CXX compiler ABI info
-- Detecting CXX compiler ABI info - done
-- Check for working CXX compiler: /usr/bin/c++ - skipped
-- Detecting CXX compile features
-- Detecting CXX compile features - done
-- Performing Test NO_WARN_IMPLICIT_FALL_THROUGH_FLAG
-- Performing Test NO_WARN_IMPLICIT_FALL_THROUGH_FLAG - Success
-- Linker supports --exclude-libs
-- Looking for sys/types.h
-- Looking for sys/types.h - found
-- Looking for stdint.h
-- Looking for stdint.h - found
-- Looking for stddef.h
-- Looking for stddef.h - found
-- Check size of long double
-- Check size of long double - done
-- Found GMP: /usr/lib/x86_64-linux-gnu/libgmp.so
-- Performing Test COMPILER_HAS_HIDDEN_VISIBILITY
-- Performing Test COMPILER_HAS_HIDDEN_VISIBILITY - Success
-- Performing Test COMPILER_HAS_HIDDEN_INLINE_VISIBILITY
-- Performing Test COMPILER_HAS_HIDDEN_INLINE_VISIBILITY - Success
-- Performing Test COMPILER_HAS_DEPRECATED_ATTR
-- Performing Test COMPILER_HAS_DEPRECATED_ATTR - Success
--------------------------------------------------------------------------------

+-------------------------------+
| Configuration results SUMMARY |
+-------------------------------+

CMAKE_C_COMPILER:   /usr/bin/cc
CMAKE_CXX_COMPILER: /usr/bin/c++
CMAKE_BUILD_TYPE: Release
CMAKE_CONFIGURATION_TYPES: 
CMAKE_C_FLAGS:           
CMAKE_CXX_FLAGS:         -std=c++11  -fPIC
CMAKE_CXX_FLAGS_DEBUG:   -Wall -Wextra -Wno-unused-parameter -fno-common -g -ggdb -Wno-unknown-pragmas
CMAKE_CXX_FLAGS_RELEASE: -Wall -Wextra -Wno-unused-parameter -fno-common -O3 -funroll-loops -Wno-unknown-pragmas
CMAKE_INSTALL_PREFIX: /home/runner/work/QoI/QoI/tc/symengine
BUILD_SHARED_LIBS: OFF
INTEGER_CLASS : GMP
HAVE_SYMENGINE_GMP: yes
WITH_SYMENGINE_ASSERT: no
WITH_SYMENGINE_RCP: yes
WITH_SYMENGINE_TEUCHOS: no
WITH_COTIRE: no
WITH_GENERATE_PARSER: no
HAVE_GCC_ABI_DEMANGLE: yes
HAVE_C_FUNCTION_NOT_FUNC: no
HAVE_DEFAULT_CONSTRUCTORS: yes
HAVE_SYMENGINE_NOEXCEPT: yes
HAVE_SYMENGINE_IS_CONSTRUCTIBLE: yes
HAVE_SYMENGINE_RESERVE: yes
HAVE_SYMENGINE_STD_TO_STRING: TRUE
WITH_SYMENGINE_THREAD_SAFE: no
BUILD_TESTS: OFF
BUILD_BENCHMARKS: OFF
BUILD_BENCHMARKS_GOOGLE: no
WITH_GMP: yes
GMP_INCLUDE_DIRS: /usr/include/x86_64-linux-gnu
GMP_LIBRARIES: /usr/lib/x86_64-linux-gnu/libgmp.so
WITH_BFD: no
WITH_ECM: no
WITH_PRIMESIEVE: no
WITH_FLINT: no
WITH_ARB: no
WITH_MPFR: no
WITH_PIRANHA: no
WITH_LLVM: no
WITH_BOOST: no
WITH_PTHREAD: no
WITH_MPC: no
WITH_TCMALLOC: no
WITH_OPENMP: no
WITH_VIRTUAL_TYPEID: no
WITH_SYSTEM_CEREAL: no
WITH_SYSTEM_FASTFLOAT: no
LIBS: gmp

--------------------------------------------------------------------------------

-- Configuring done (1.6s)
-- Generating done (0.0s)
-- Build files have been written to: /home/runner/work/QoI/QoI/symengine-build
[  1%] Building CXX object symengine/CMakeFiles/symengine.dir/add.cpp.o
[  2%] Building CXX object symengine/CMakeFiles/symengine.dir/basic.cpp.o
[  3%] Building CXX object symengine/CMakeFiles/symengine.dir/complex.cpp.o
[  4%] Building CXX object symengine/CMakeFiles/symengine.dir/complex_double.cpp.o
[  5%] Building CXX object symengine/CMakeFiles/symengine.dir/constants.cpp.o
[  6%] Building CXX object symengine/CMakeFiles/symengine.dir/cse.cpp.o
[  7%] Building CXX object symengine/CMakeFiles/symengine.dir/cwrapper.cpp.o
[  8%] Building CXX object symengine/CMakeFiles/symengine.dir/dense_matrix.cpp.o
[ 10%] Building CXX object symengine/CMakeFiles/symengine.dir/derivative.cpp.o
[ 11%] Building CXX object symengine/CMakeFiles/symengine.dir/dict.cpp.o
[ 12%] Building CXX object symengine/CMakeFiles/symengine.dir/diophantine.cpp.o
[ 13%] Building CXX object symengine/CMakeFiles/symengine.dir/eval.cpp.o
[ 14%] Building CXX object symengine/CMakeFiles/symengine.dir/eval_double.cpp.o
[ 15%] Building CXX object symengine/CMakeFiles/symengine.dir/expand.cpp.o
[ 16%] Building CXX object symengine/CMakeFiles/symengine.dir/expression.cpp.o
[ 17%] Building CXX object symengine/CMakeFiles/symengine.dir/fields.cpp.o
[ 18%] Building CXX object symengine/CMakeFiles/symengine.dir/finitediff.cpp.o
[ 20%] Building CXX object symengine/CMakeFiles/symengine.dir/functions.cpp.o
[ 21%] Building CXX object symengine/CMakeFiles/symengine.dir/infinity.cpp.o
[ 22%] Building CXX object symengine/CMakeFiles/symengine.dir/integer.cpp.o
[ 23%] Building CXX object symengine/CMakeFiles/symengine.dir/logic.cpp.o
[ 24%] Building CXX object symengine/CMakeFiles/symengine.dir/matrix.cpp.o
[ 25%] Building CXX object symengine/CMakeFiles/symengine.dir/monomials.cpp.o
[ 26%] Building CXX object symengine/CMakeFiles/symengine.dir/mul.cpp.o
[ 27%] Building CXX object symengine/CMakeFiles/symengine.dir/nan.cpp.o
[ 28%] Building CXX object symengine/CMakeFiles/symengine.dir/ntheory.cpp.o
[ 30%] Building CXX object symengine/CMakeFiles/symengine.dir/ntheory_funcs.cpp.o
[ 31%] Building CXX object symengine/CMakeFiles/symengine.dir/number.cpp.o
[ 32%] Building CXX object symengine/CMakeFiles/symengine.dir/numer_denom.cpp.o
[ 33%] Building CXX object symengine/CMakeFiles/symengine.dir/parser/parser_old.cpp.o
[ 34%] Building CXX object symengine/CMakeFiles/symengine.dir/parser/parser.tab.cc.o
[ 35%] Building CXX object symengine/CMakeFiles/symengine.dir/parser/parser.cpp.o
[ 36%] Building CXX object symengine/CMakeFiles/symengine.dir/parser/tokenizer.cpp.o
[ 37%] Building CXX object symengine/CMakeFiles/symengine.dir/parser/sbml/sbml_parser.tab.cc.o
[ 38%] Building CXX object symengine/CMakeFiles/symengine.dir/parser/sbml/sbml_parser.cpp.o
[ 40%] Building CXX object symengine/CMakeFiles/symengine.dir/parser/sbml/sbml_tokenizer.cpp.o
[ 41%] Building CXX object symengine/CMakeFiles/symengine.dir/polys/basic_conversions.cpp.o
[ 42%] Building CXX object symengine/CMakeFiles/symengine.dir/polys/msymenginepoly.cpp.o
[ 43%] Building CXX object symengine/CMakeFiles/symengine.dir/polys/uexprpoly.cpp.o
[ 44%] Building CXX object symengine/CMakeFiles/symengine.dir/polys/uintpoly.cpp.o
[ 45%] Building CXX object symengine/CMakeFiles/symengine.dir/polys/uratpoly.cpp.o
[ 46%] Building CXX object symengine/CMakeFiles/symengine.dir/pow.cpp.o
[ 47%] Building CXX object symengine/CMakeFiles/symengine.dir/prime_sieve.cpp.o
[ 48%] Building CXX object symengine/CMakeFiles/symengine.dir/printers/codegen.cpp.o
[ 50%] Building CXX object symengine/CMakeFiles/symengine.dir/printers/mathml.cpp.o
[ 51%] Building CXX object symengine/CMakeFiles/symengine.dir/printers/sbml.cpp.o
[ 52%] Building CXX object symengine/CMakeFiles/symengine.dir/printers/strprinter.cpp.o
[ 53%] Building CXX object symengine/CMakeFiles/symengine.dir/printers/latex.cpp.o
[ 54%] Building CXX object symengine/CMakeFiles/symengine.dir/printers/unicode.cpp.o
[ 55%] Building CXX object symengine/CMakeFiles/symengine.dir/printers/stringbox.cpp.o
[ 56%] Building CXX object symengine/CMakeFiles/symengine.dir/rational.cpp.o
[ 57%] Building CXX object symengine/CMakeFiles/symengine.dir/real_double.cpp.o
[ 58%] Building CXX object symengine/CMakeFiles/symengine.dir/rewrite.cpp.o
[ 60%] Building CXX object symengine/CMakeFiles/symengine.dir/rings.cpp.o
[ 61%] Building CXX object symengine/CMakeFiles/symengine.dir/series.cpp.o
[ 62%] Building CXX object symengine/CMakeFiles/symengine.dir/series_generic.cpp.o
[ 63%] Building CXX object symengine/CMakeFiles/symengine.dir/sets.cpp.o
[ 64%] Building CXX object symengine/CMakeFiles/symengine.dir/set_funcs.cpp.o
[ 65%] Building CXX object symengine/CMakeFiles/symengine.dir/solve.cpp.o
[ 66%] Building CXX object symengine/CMakeFiles/symengine.dir/sparse_matrix.cpp.o
[ 67%] Building CXX object symengine/CMakeFiles/symengine.dir/symbol.cpp.o
[ 68%] Building CXX object symengine/CMakeFiles/symengine.dir/symengine_rcp.cpp.o
[ 70%] Building CXX object symengine/CMakeFiles/symengine.dir/visitor.cpp.o
[ 71%] Building CXX object symengine/CMakeFiles/symengine.dir/test_visitors.cpp.o
[ 72%] Building CXX object symengine/CMakeFiles/symengine.dir/assumptions.cpp.o
[ 73%] Building CXX object symengine/CMakeFiles/symengine.dir/refine.cpp.o
[ 74%] Building CXX object symengine/CMakeFiles/symengine.dir/simplify.cpp.o
[ 75%] Building CXX object symengine/CMakeFiles/symengine.dir/tuple.cpp.o
[ 76%] Building CXX object symengine/CMakeFiles/symengine.dir/matrices/identity_matrix.cpp.o
[ 77%] Building CXX object symengine/CMakeFiles/symengine.dir/matrices/matrix_symbol.cpp.o
[ 78%] Building CXX object symengine/CMakeFiles/symengine.dir/matrices/zero_matrix.cpp.o
[ 80%] Building CXX object symengine/CMakeFiles/symengine.dir/matrices/diagonal_matrix.cpp.o
[ 81%] Building CXX object symengine/CMakeFiles/symengine.dir/matrices/immutable_dense_matrix.cpp.o
[ 82%] Building CXX object symengine/CMakeFiles/symengine.dir/matrices/matrix_add.cpp.o
[ 83%] Building CXX object symengine/CMakeFiles/symengine.dir/matrices/hadamard_product.cpp.o
[ 84%] Building CXX object symengine/CMakeFiles/symengine.dir/matrices/matrix_mul.cpp.o
[ 85%] Building CXX object symengine/CMakeFiles/symengine.dir/matrices/conjugate_matrix.cpp.o
[ 86%] Building CXX object symengine/CMakeFiles/symengine.dir/matrices/transpose.cpp.o
[ 87%] Building CXX object symengine/CMakeFiles/symengine.dir/matrices/trace.cpp.o
[ 88%] Building CXX object symengine/CMakeFiles/symengine.dir/matrices/size.cpp.o
[ 90%] Building CXX object symengine/CMakeFiles/symengine.dir/matrices/is_zero.cpp.o
[ 91%] Building CXX object symengine/CMakeFiles/symengine.dir/matrices/is_real.cpp.o
[ 92%] Building CXX object symengine/CMakeFiles/symengine.dir/matrices/is_symmetric.cpp.o
[ 93%] Building CXX object symengine/CMakeFiles/symengine.dir/matrices/is_square.cpp.o
[ 94%] Building CXX object symengine/CMakeFiles/symengine.dir/matrices/is_diagonal.cpp.o
[ 95%] Building CXX object symengine/CMakeFiles/symengine.dir/matrices/is_lower.cpp.o
[ 96%] Building CXX object symengine/CMakeFiles/symengine.dir/matrices/is_upper.cpp.o
[ 97%] Building CXX object symengine/CMakeFiles/symengine.dir/matrices/is_toeplitz.cpp.o
[ 98%] Building CXX object symengine/CMakeFiles/symengine.dir/mp_wrapper.cpp.o
[100%] Linking CXX static library libsymengine.a
[100%] Built target symengine
-- Install configuration: "Release"
-- Installing: /home/runner/work/QoI/QoI/tc/symengine/lib/cmake/symengine/SymEngineConfig.cmake
-- Installing: /home/runner/work/QoI/QoI/tc/symengine/lib/cmake/symengine/SymEngineConfigVersion.cmake
-- Installing: /home/runner/work/QoI/QoI/tc/symengine/lib/cmake/symengine/SymEngineTargets.cmake
-- Installing: /home/runner/work/QoI/QoI/tc/symengine/lib/cmake/symengine/SymEngineTargets-release.cmake
-- Installing: /home/runner/work/QoI/QoI/tc/symengine/lib/libsymengine.a
-- Installing: /home/runner/work/QoI/QoI/tc/symengine/include/symengine/symengine_config.h
-- Installing: /home/runner/work/QoI/QoI/tc/symengine/include/symengine/symengine_config_cling.h
-- Installing: /home/runner/work/QoI/QoI/tc/symengine/include/symengine/symengine_export.h
-- Installing: /home/runner/work/QoI/QoI/tc/symengine/include/symengine/add.h
-- Installing: /home/runner/work/QoI/QoI/tc/symengine/include/symengine/basic.h
-- Installing: /home/runner/work/QoI/QoI/tc/symengine/include/symengine/basic-inl.h
-- Installing: /home/runner/work/QoI/QoI/tc/symengine/include/symengine/basic-methods.inc
-- Installing: /home/runner/work/QoI/QoI/tc/symengine/include/symengine/complex_double.h
-- Installing: /home/runner/work/QoI/QoI/tc/symengine/include/symengine/complex.h
-- Installing: /home/runner/work/QoI/QoI/tc/symengine/include/symengine/complex_mpc.h
-- Installing: /home/runner/work/QoI/QoI/tc/symengine/include/symengine/constants.h
-- Installing: /home/runner/work/QoI/QoI/tc/symengine/include/symengine/cwrapper.h
-- Installing: /home/runner/work/QoI/QoI/tc/symengine/include/symengine/derivative.h
-- Installing: /home/runner/work/QoI/QoI/tc/symengine/include/symengine/dict.h
-- Installing: /home/runner/work/QoI/QoI/tc/symengine/include/symengine/diophantine.h
-- Installing: /home/runner/work/QoI/QoI/tc/symengine/include/symengine/eval_arb.h
-- Installing: /home/runner/work/QoI/QoI/tc/symengine/include/symengine/eval_double.h
-- Installing: /home/runner/work/QoI/QoI/tc/symengine/include/symengine/eval.h
-- Installing: /home/runner/work/QoI/QoI/tc/symengine/include/symengine/eval_mpc.h
-- Installing: /home/runner/work/QoI/QoI/tc/symengine/include/symengine/eval_mpfr.h
-- Installing: /home/runner/work/QoI/QoI/tc/symengine/include/symengine/expression.h
-- Installing: /home/runner/work/QoI/QoI/tc/symengine/include/symengine/fields.h
-- Installing: /home/runner/work/QoI/QoI/tc/symengine/include/symengine/finitediff.h
-- Installing: /home/runner/work/QoI/QoI/tc/symengine/include/symengine/flint_wrapper.h
-- Installing: /home/runner/work/QoI/QoI/tc/symengine/include/symengine/functions.h
-- Installing: /home/runner/work/QoI/QoI/tc/symengine/include/symengine/infinity.h
-- Installing: /home/runner/work/QoI/QoI/tc/symengine/include/symengine/integer.h
-- Installing: /home/runner/work/QoI/QoI/tc/symengine/include/symengine/lambda_double.h
-- Installing: /home/runner/work/QoI/QoI/tc/symengine/include/symengine/llvm_double.h
-- Installing: /home/runner/work/QoI/QoI/tc/symengine/include/symengine/logic.h
-- Installing: /home/runner/work/QoI/QoI/tc/symengine/include/symengine/matrix.h
-- Installing: /home/runner/work/QoI/QoI/tc/symengine/include/symengine/monomials.h
-- Installing: /home/runner/work/QoI/QoI/tc/symengine/include/symengine/mp_class.h
-- Installing: /home/runner/work/QoI/QoI/tc/symengine/include/symengine/mp_wrapper.h
-- Installing: /home/runner/work/QoI/QoI/tc/symengine/include/symengine/mul.h
-- Installing: /home/runner/work/QoI/QoI/tc/symengine/include/symengine/nan.h
-- Installing: /home/runner/work/QoI/QoI/tc/symengine/include/symengine/ntheory.h
-- Installing: /home/runner/work/QoI/QoI/tc/symengine/include/symengine/ntheory_funcs.h
-- Installing: /home/runner/work/QoI/QoI/tc/symengine/include/symengine/number.h
-- Installing: /home/runner/work/QoI/QoI/tc/symengine/include/symengine/parser.h
-- Installing: /home/runner/work/QoI/QoI/tc/symengine/include/symengine/parser/parser.h
-- Installing: /home/runner/work/QoI/QoI/tc/symengine/include/symengine/parser/tokenizer.h
-- Installing: /home/runner/work/QoI/QoI/tc/symengine/include/symengine/parser/sbml/sbml_parser.h
-- Installing: /home/runner/work/QoI/QoI/tc/symengine/include/symengine/parser/sbml/sbml_tokenizer.h
-- Installing: /home/runner/work/QoI/QoI/tc/symengine/include/symengine/polys/basic_conversions.h
-- Installing: /home/runner/work/QoI/QoI/tc/symengine/include/symengine/polys/cancel.h
-- Installing: /home/runner/work/QoI/QoI/tc/symengine/include/symengine/polys/uexprpoly.h
-- Installing: /home/runner/work/QoI/QoI/tc/symengine/include/symengine/polys/uintpoly_flint.h
-- Installing: /home/runner/work/QoI/QoI/tc/symengine/include/symengine/polys/uintpoly.h
-- Installing: /home/runner/work/QoI/QoI/tc/symengine/include/symengine/polys/uintpoly_piranha.h
-- Installing: /home/runner/work/QoI/QoI/tc/symengine/include/symengine/polys/upolybase.h
-- Installing: /home/runner/work/QoI/QoI/tc/symengine/include/symengine/polys/uratpoly.h
-- Installing: /home/runner/work/QoI/QoI/tc/symengine/include/symengine/polys/usymenginepoly.h
-- Installing: /home/runner/work/QoI/QoI/tc/symengine/include/symengine/polys/msymenginepoly.h
-- Installing: /home/runner/work/QoI/QoI/tc/symengine/include/symengine/pow.h
-- Installing: /home/runner/work/QoI/QoI/tc/symengine/include/symengine/prime_sieve.h
-- Installing: /home/runner/work/QoI/QoI/tc/symengine/include/symengine/printers/codegen.h
-- Installing: /home/runner/work/QoI/QoI/tc/symengine/include/symengine/printers/mathml.h
-- Installing: /home/runner/work/QoI/QoI/tc/symengine/include/symengine/printers/sbml.h
-- Installing: /home/runner/work/QoI/QoI/tc/symengine/include/symengine/printers/strprinter.h
-- Installing: /home/runner/work/QoI/QoI/tc/symengine/include/symengine/printers/latex.h
-- Installing: /home/runner/work/QoI/QoI/tc/symengine/include/symengine/printers/unicode.h
-- Installing: /home/runner/work/QoI/QoI/tc/symengine/include/symengine/printers/stringbox.h
-- Installing: /home/runner/work/QoI/QoI/tc/symengine/include/symengine/printers.h
-- Installing: /home/runner/work/QoI/QoI/tc/symengine/include/symengine/rational.h
-- Installing: /home/runner/work/QoI/QoI/tc/symengine/include/symengine/real_double.h
-- Installing: /home/runner/work/QoI/QoI/tc/symengine/include/symengine/real_mpfr.h
-- Installing: /home/runner/work/QoI/QoI/tc/symengine/include/symengine/rings.h
-- Installing: /home/runner/work/QoI/QoI/tc/symengine/include/symengine/serialize-cereal.h
-- Installing: /home/runner/work/QoI/QoI/tc/symengine/include/symengine/series_flint.h
-- Installing: /home/runner/work/QoI/QoI/tc/symengine/include/symengine/series_generic.h
-- Installing: /home/runner/work/QoI/QoI/tc/symengine/include/symengine/series.h
-- Installing: /home/runner/work/QoI/QoI/tc/symengine/include/symengine/series_piranha.h
-- Installing: /home/runner/work/QoI/QoI/tc/symengine/include/symengine/series_visitor.h
-- Installing: /home/runner/work/QoI/QoI/tc/symengine/include/symengine/sets.h
-- Installing: /home/runner/work/QoI/QoI/tc/symengine/include/symengine/solve.h
-- Installing: /home/runner/work/QoI/QoI/tc/symengine/include/symengine/subs.h
-- Installing: /home/runner/work/QoI/QoI/tc/symengine/include/symengine/symbol.h
-- Installing: /home/runner/work/QoI/QoI/tc/symengine/include/symengine/symengine_assert.h
-- Installing: /home/runner/work/QoI/QoI/tc/symengine/include/symengine/symengine_casts.h
-- Installing: /home/runner/work/QoI/QoI/tc/symengine/include/symengine/symengine_exception.h
-- Installing: /home/runner/work/QoI/QoI/tc/symengine/include/symengine/symengine_rcp.h
-- Installing: /home/runner/work/QoI/QoI/tc/symengine/include/symengine/tribool.h
-- Installing: /home/runner/work/QoI/QoI/tc/symengine/include/symengine/type_codes.inc
-- Installing: /home/runner/work/QoI/QoI/tc/symengine/include/symengine/visitor.h
-- Installing: /home/runner/work/QoI/QoI/tc/symengine/include/symengine/test_visitors.h
-- Installing: /home/runner/work/QoI/QoI/tc/symengine/include/symengine/assumptions.h
-- Installing: /home/runner/work/QoI/QoI/tc/symengine/include/symengine/refine.h
-- Installing: /home/runner/work/QoI/QoI/tc/symengine/include/symengine/simplify.h
-- Installing: /home/runner/work/QoI/QoI/tc/symengine/include/symengine/utilities/stream_fmt.h
-- Installing: /home/runner/work/QoI/QoI/tc/symengine/include/symengine/tuple.h
-- Installing: /home/runner/work/QoI/QoI/tc/symengine/include/symengine/matrix_expressions.h
-- Installing: /home/runner/work/QoI/QoI/tc/symengine/include/symengine/matrices/matrix_expr.h
-- Installing: /home/runner/work/QoI/QoI/tc/symengine/include/symengine/matrices/identity_matrix.h
-- Installing: /home/runner/work/QoI/QoI/tc/symengine/include/symengine/matrices/matrix_symbol.h
-- Installing: /home/runner/work/QoI/QoI/tc/symengine/include/symengine/matrices/zero_matrix.h
-- Installing: /home/runner/work/QoI/QoI/tc/symengine/include/symengine/matrices/diagonal_matrix.h
-- Installing: /home/runner/work/QoI/QoI/tc/symengine/include/symengine/matrices/immutable_dense_matrix.h
-- Installing: /home/runner/work/QoI/QoI/tc/symengine/include/symengine/matrices/matrix_add.h
-- Installing: /home/runner/work/QoI/QoI/tc/symengine/include/symengine/matrices/hadamard_product.h
-- Installing: /home/runner/work/QoI/QoI/tc/symengine/include/symengine/matrices/matrix_mul.h
-- Installing: /home/runner/work/QoI/QoI/tc/symengine/include/symengine/matrices/conjugate_matrix.h
-- Installing: /home/runner/work/QoI/QoI/tc/symengine/include/symengine/matrices/size.h
-- Installing: /home/runner/work/QoI/QoI/tc/symengine/include/symengine/matrices/transpose.h
-- Installing: /home/runner/work/QoI/QoI/tc/symengine/include/symengine/matrices/trace.h
-- Installing: /home/runner/work/QoI/QoI/tc/symengine/include/symengine/utilities/cereal/include/cereal/access.hpp
-- Installing: /home/runner/work/QoI/QoI/tc/symengine/include/symengine/utilities/cereal/include/cereal/archives/adapters.hpp
-- Installing: /home/runner/work/QoI/QoI/tc/symengine/include/symengine/utilities/cereal/include/cereal/archives/binary.hpp
-- Installing: /home/runner/work/QoI/QoI/tc/symengine/include/symengine/utilities/cereal/include/cereal/archives/json.hpp
-- Installing: /home/runner/work/QoI/QoI/tc/symengine/include/symengine/utilities/cereal/include/cereal/archives/portable_binary.hpp
-- Installing: /home/runner/work/QoI/QoI/tc/symengine/include/symengine/utilities/cereal/include/cereal/archives/xml.hpp
-- Installing: /home/runner/work/QoI/QoI/tc/symengine/include/symengine/utilities/cereal/include/cereal/cereal.hpp
-- Installing: /home/runner/work/QoI/QoI/tc/symengine/include/symengine/utilities/cereal/include/cereal/details/helpers.hpp
-- Installing: /home/runner/work/QoI/QoI/tc/symengine/include/symengine/utilities/cereal/include/cereal/details/polymorphic_impl.hpp
-- Installing: /home/runner/work/QoI/QoI/tc/symengine/include/symengine/utilities/cereal/include/cereal/details/polymorphic_impl_fwd.hpp
-- Installing: /home/runner/work/QoI/QoI/tc/symengine/include/symengine/utilities/cereal/include/cereal/details/static_object.hpp
-- Installing: /home/runner/work/QoI/QoI/tc/symengine/include/symengine/utilities/cereal/include/cereal/details/traits.hpp
-- Installing: /home/runner/work/QoI/QoI/tc/symengine/include/symengine/utilities/cereal/include/cereal/details/util.hpp
-- Installing: /home/runner/work/QoI/QoI/tc/symengine/include/symengine/utilities/cereal/include/cereal/macros.hpp
-- Installing: /home/runner/work/QoI/QoI/tc/symengine/include/symengine/utilities/cereal/include/cereal/specialize.hpp
-- Installing: /home/runner/work/QoI/QoI/tc/symengine/include/symengine/utilities/cereal/include/cereal/types/array.hpp
-- Installing: /home/runner/work/QoI/QoI/tc/symengine/include/symengine/utilities/cereal/include/cereal/types/atomic.hpp
-- Installing: /home/runner/work/QoI/QoI/tc/symengine/include/symengine/utilities/cereal/include/cereal/types/base_class.hpp
-- Installing: /home/runner/work/QoI/QoI/tc/symengine/include/symengine/utilities/cereal/include/cereal/types/bitset.hpp
-- Installing: /home/runner/work/QoI/QoI/tc/symengine/include/symengine/utilities/cereal/include/cereal/types/boost_variant.hpp
-- Installing: /home/runner/work/QoI/QoI/tc/symengine/include/symengine/utilities/cereal/include/cereal/types/chrono.hpp
-- Installing: /home/runner/work/QoI/QoI/tc/symengine/include/symengine/utilities/cereal/include/cereal/types/common.hpp
-- Installing: /home/runner/work/QoI/QoI/tc/symengine/include/symengine/utilities/cereal/include/cereal/types/complex.hpp
-- Installing: /home/runner/work/QoI/QoI/tc/symengine/include/symengine/utilities/cereal/include/cereal/types/concepts/pair_associative_container.hpp
-- Installing: /home/runner/work/QoI/QoI/tc/symengine/include/symengine/utilities/cereal/include/cereal/types/deque.hpp
-- Installing: /home/runner/work/QoI/QoI/tc/symengine/include/symengine/utilities/cereal/include/cereal/types/forward_list.hpp
-- Installing: /home/runner/work/QoI/QoI/tc/symengine/include/symengine/utilities/cereal/include/cereal/types/functional.hpp
-- Installing: /home/runner/work/QoI/QoI/tc/symengine/include/symengine/utilities/cereal/include/cereal/types/list.hpp
-- Installing: /home/runner/work/QoI/QoI/tc/symengine/include/symengine/utilities/cereal/include/cereal/types/map.hpp
-- Installing: /home/runner/work/QoI/QoI/tc/symengine/include/symengine/utilities/cereal/include/cereal/types/memory.hpp
-- Installing: /home/runner/work/QoI/QoI/tc/symengine/include/symengine/utilities/cereal/include/cereal/types/optional.hpp
-- Installing: /home/runner/work/QoI/QoI/tc/symengine/include/symengine/utilities/cereal/include/cereal/types/polymorphic.hpp
-- Installing: /home/runner/work/QoI/QoI/tc/symengine/include/symengine/utilities/cereal/include/cereal/types/queue.hpp
-- Installing: /home/runner/work/QoI/QoI/tc/symengine/include/symengine/utilities/cereal/include/cereal/types/set.hpp
-- Installing: /home/runner/work/QoI/QoI/tc/symengine/include/symengine/utilities/cereal/include/cereal/types/stack.hpp
-- Installing: /home/runner/work/QoI/QoI/tc/symengine/include/symengine/utilities/cereal/include/cereal/types/string.hpp
-- Installing: /home/runner/work/QoI/QoI/tc/symengine/include/symengine/utilities/cereal/include/cereal/types/tuple.hpp
-- Installing: /home/runner/work/QoI/QoI/tc/symengine/include/symengine/utilities/cereal/include/cereal/types/unordered_map.hpp
-- Installing: /home/runner/work/QoI/QoI/tc/symengine/include/symengine/utilities/cereal/include/cereal/types/unordered_set.hpp
-- Installing: /home/runner/work/QoI/QoI/tc/symengine/include/symengine/utilities/cereal/include/cereal/types/utility.hpp
-- Installing: /home/runner/work/QoI/QoI/tc/symengine/include/symengine/utilities/cereal/include/cereal/types/valarray.hpp
-- Installing: /home/runner/work/QoI/QoI/tc/symengine/include/symengine/utilities/cereal/include/cereal/types/variant.hpp
-- Installing: /home/runner/work/QoI/QoI/tc/symengine/include/symengine/utilities/cereal/include/cereal/types/vector.hpp
-- Installing: /home/runner/work/QoI/QoI/tc/symengine/include/symengine/utilities/cereal/include/cereal/version.hpp
