Loading Python/3.12.3-GCCcore-13.3.0
  Loading requirement: GCCcore/13.3.0 zlib/1.3.1-GCCcore-13.3.0
    binutils/2.42-GCCcore-13.3.0 bzip2/1.0.8-GCCcore-13.3.0
    ncurses/6.5-GCCcore-13.3.0 libreadline/8.2-GCCcore-13.3.0
    Tcl/8.6.14-GCCcore-13.3.0 SQLite/3.45.3-GCCcore-13.3.0
    XZ/5.4.5-GCCcore-13.3.0 libffi/3.4.5-GCCcore-13.3.0 OpenSSL/3
INSTALL_COMPLETE
mp-1065204 ok
mp-1069461 ok
mp-10761 ok
mp-1077125 ok
mp-1077596 ok
mp-1078524 ok
mp-1079749 ok
mp-1114492 ok
mp-11306 ok
mp-11419 ok
mp-1187022 ok
mp-1187638 ok
mp-1188002 ok
mp-1192831 ok
mp-1193567 ok
mp-1205681 ok
mp-1209933 ok
mp-1218887 ok
mp-1224859 ok
mp-1232323 ok
mp-12406 ok
mp-1300873 ok
mp-1399089 ok
mp-1778 ok
mp-20888 ok
mp-21054 ok
mp-21079 ok
mp-214 ok
mp-2216496 ok
mp-2230770 ok
mp-2240057 ok
mp-2647013 ok
mp-27239 ok
mp-30772 ok
mp-540547 ok
mp-557569 ok
mp-567394 ok
mp-569678 ok
mp-569792 ok
mp-614489 ok
mp-6145 ok
mp-623043 ok
mp-631399 ok
mp-6586 ok
mp-7359 ok
mp-752866 ok
mp-776331 ok
mp-864652 ok
mp-865801 ok
mp-977372 ok
mp-982725 ok
mp-998613 ok
mp-998744 ok
tasks.json written: 53
