254 materials, 6343 frozen rows, 0 missing
[1/254] mp-1296                rows   3 gate   3 fail  0     0.3s
[2/254] mp-1079749             rows   3 gate   3 fail  0     0.6s
[3/254] mp-1778                rows  35 gate  34 fail  1     1.6s
[4/254] mp-2647013             rows  24 gate  24 fail  0     1.6s
[5/254] mp-1007755             rows  18 gate  17 fail  1     2.2s
[6/254] nomad-MgLl-OZz9clr     rows  34 gate  34 fail  0     2.7s
[7/254] mp-214                 rows  34 gate  34 fail  0     2.6s
[8/254] mp-10761               rows  20 gate  20 fail  0     2.8s
[9/254] mp-1226636             rows  20 gate  20 fail  0     2.9s
[10/254] mp-1094905             rows  25 gate  25 fail  0     3.5s
[11/254] mp-11419               rows  15 gate  14 fail  1     2.3s
[12/254] mp-1187279             rows  19 gate  19 fail  0     3.0s
[13/254] mp-1219705             rows  33 gate  33 fail  0     4.8s
[14/254] mp-435                 rows  18 gate  18 fail  0     2.6s
[15/254] mp-614489              rows  16 gate  16 fail  0     2.6s
[16/254] mp-1246548             rows  34 gate  34 fail  0     5.7s
[17/254] mp-560030              rows  34 gate  33 fail  1     5.7s
[18/254] mp-1096987             rows   3 gate   3 fail  0     0.9s
[19/254] mp-1246480             rows  33 gate  32 fail  1     6.3s
[20/254] mp-21079               rows  17 gate  17 fail  0     2.9s
[21/254] mp-1224859             rows  32 gate  31 fail  1     5.6s
[22/254] mp-9437                rows  29 gate  29 fail  0     5.0s
[23/254] mp-2227467             rows  21 gate  21 fail  0     3.9s
[24/254] mp-982725              rows  31 gate  31 fail  0     5.7s
[25/254] mp-1188002             rows  34 gate  34 fail  0     6.0s
[26/254] mp-753392              rows  20 gate  20 fail  0     3.9s
[27/254] mp-631399              rows  37 gate  36 fail  1     6.5s
[28/254] mp-865006              rows  13 gate  13 fail  0     2.7s
[29/254] mp-865801              rows  18 gate  18 fail  0     3.9s
[30/254] mp-1222924             rows  17 gate  16 fail  1     4.2s
[31/254] mp-1184653             rows  20 gate  19 fail  1     5.1s
[32/254] mp-1077596             rows  21 gate  21 fail  0     4.7s
[33/254] mp-7660                rows  23 gate  23 fail  0     5.1s
[34/254] mp-1213918             rows  28 gate  28 fail  0     7.7s
[35/254] mp-2194                rows  34 gate  34 fail  0     9.2s
[36/254] mp-1025517             rows  33 gate  33 fail  0     9.4s
[37/254] mp-1218887             rows  33 gate  33 fail  0     9.2s
[38/254] mp-2242118             rows  32 gate  31 fail  1     9.3s
[39/254] mp-864965              rows  27 gate  27 fail  0     6.9s
[40/254] mp-752703              rows  19 gate  17 fail  2     5.0s
[41/254] mp-1187638             rows  22 gate  22 fail  0     5.6s
[42/254] mp-998744              rows  33 gate  31 fail  2     7.7s
[43/254] mp-569792              rows  18 gate  18 fail  0     4.9s
[44/254] mp-1078524             rows  14 gate  14 fail  0     4.3s
[45/254] mp-1399089             rows  31 gate  31 fail  0     8.8s
[46/254] mp-11306               rows  20 gate  20 fail  0     6.0s
[47/254] mp-1174037             rows  35 gate  35 fail  0    10.2s
[48/254] mp-1206630             rows  29 gate  29 fail  0    10.1s
[49/254] mp-771968              rows  35 gate  35 fail  0    11.6s
[50/254] mp-8881                rows  37 gate  37 fail  0    12.4s
[51/254] mp-1044463             rows  23 gate  23 fail  0     8.0s
[52/254] mp-37207               rows  33 gate  33 fail  0    11.6s
[53/254] mp-1038991             rows  14 gate  14 fail  0     5.6s
[54/254] mp-7359                rows  28 gate  28 fail  0    10.9s
[55/254] mp-1300873             rows  33 gate  33 fail  0    11.6s
[56/254] mp-684706              rows  36 gate  36 fail  0    11.5s
[57/254] mp-849339              rows  34 gate  32 fail  2    13.2s
[58/254] mp-1215324             rows  16 gate  15 fail  1     5.9s
[59/254] mp-1039028             rows  27 gate  27 fail  0    12.0s
[60/254] mp-1046632             rows  34 gate  34 fail  0    13.9s
[61/254] mp-1207275             rows  27 gate  27 fail  0    12.3s
[62/254] mp-1223327             rows  23 gate  23 fail  0     8.7s
[63/254] mp-1069461             rows  19 gate  19 fail  0     7.0s
[64/254] mp-20888               rows  26 gate  26 fail  0    12.0s
[65/254] mp-1206294             rows  23 gate  22 fail  1     8.7s
[66/254] mp-2217743             rows  32 gate  32 fail  0    14.4s
[67/254] mp-1175263             rows  35 gate  33 fail  2    16.9s
[68/254] mp-19133               rows  23 gate  23 fail  0     9.7s
[69/254] mp-1175088             rows  34 gate  34 fail  0    17.1s
[70/254] mp-752546              rows  22 gate  22 fail  0     9.7s
[71/254] mp-976076              rows  17 gate  17 fail  0     7.4s
[72/254] mp-763177              rows  34 gate  34 fail  0    16.7s
[73/254] mp-975795              rows  14 gate  14 fail  0     6.7s
[74/254] mp-676693              rows  33 gate  32 fail  1    16.6s
[75/254] mp-1205681             rows  33 gate  31 fail  2    16.2s
[76/254] mp-6586                rows  22 gate  22 fail  0    10.2s
[77/254] mp-6145                rows  23 gate  23 fail  0    11.1s
[78/254] mp-606377              rows   3 gate   3 fail  0     2.4s
[79/254] mp-1111338             rows  22 gate  21 fail  1    10.7s
[80/254] mp-1388393             rows  21 gate  21 fail  0    10.1s
[81/254] mp-977372              rows  31 gate  30 fail  1    16.1s
[82/254] mp-21054               rows  20 gate  20 fail  0    10.5s
[83/254] mp-1077125             rows  25 gate  25 fail  0    12.7s
[84/254] mp-985702              rows  22 gate  22 fail  0    11.4s
[85/254] mp-1187017             rows  22 gate  22 fail  0    11.6s
[86/254] mp-2230770             rows  33 gate  32 fail  1    19.2s
[87/254] mp-752866              rows  34 gate  33 fail  1    19.9s
[88/254] mp-753334              rows  34 gate  34 fail  0    20.5s
[89/254] mp-1177023             rows  35 gate  35 fail  0    20.4s
[90/254] mp-2233790             rows  21 gate  21 fail  0    15.1s
[91/254] mp-1103974             rows  35 gate  34 fail  1    19.0s
[92/254] mp-776331              rows  35 gate  35 fail  0    20.9s
[93/254] mp-1223939             rows  34 gate  34 fail  0    22.5s
[94/254] mp-3612                rows  21 gate  21 fail  0    14.1s
[95/254] mp-1178447             rows  34 gate  34 fail  0    23.7s
[96/254] mp-1041800             rows  22 gate  22 fail  0    14.3s
[97/254] mp-12406               rows  37 gate  37 fail  0    25.9s
[98/254] mp-567394              rows  18 gate  18 fail  0    10.8s
[99/254] mp-1104614             rows  32 gate  32 fail  0    23.0s
[100/254] mp-1232323             rows  11 gate  11 fail  0     6.7s
[101/254] mp-623043              rows  31 gate  31 fail  0    23.5s
[102/254] mp-1841520             rows  33 gate  33 fail  0    24.9s
[103/254] mp-1247173             rows  18 gate  18 fail  0    10.3s
[104/254] mp-1100976             rows  33 gate  32 fail  1    25.0s
[105/254] mp-1178256             rows  33 gate  33 fail  0    26.3s
[106/254] mp-1009084             rows  32 gate  31 fail  1    20.7s
[107/254] mp-1225264             rows  31 gate  31 fail  0    19.1s
[108/254] mp-26341               rows  33 gate  33 fail  0    26.0s
[109/254] mp-771133              rows  22 gate  22 fail  0    15.0s
[110/254] mp-567699              rows  20 gate  20 fail  0    14.7s
[111/254] mp-1187022             rows   8 gate   8 fail  0     7.2s
[112/254] mp-1200429             rows  32 gate  32 fail  0    26.0s
[113/254] mp-626794              rows  30 gate  28 fail  2    24.5s
[114/254] mp-1369222             rows  20 gate  20 fail  0    16.1s
[115/254] mp-1211145             rows  34 gate  34 fail  0    27.8s
[116/254] mp-560341              rows  35 gate  35 fail  0    27.7s
[117/254] mp-758622              rows  32 gate  32 fail  0    28.4s
[118/254] mp-733797              rows   3 gate   3 fail  0     3.7s
[119/254] mp-644443              rows  34 gate  34 fail  0    29.8s
[120/254] mp-37888               rows  31 gate  31 fail  0    21.7s
[121/254] mp-753521              rows  16 gate  16 fail  0    12.4s
[122/254] mp-1065204             rows  33 gate  33 fail  0    24.9s
[123/254] mp-772185              rows  35 gate  35 fail  0    30.4s
[124/254] nomad-9xtsrVZD5SSK     rows  29 gate  28 fail  1    27.2s
[125/254] nomad-VNlX3_0OCG9w     rows  30 gate  29 fail  1    28.2s
[126/254] mp-1209117             rows  19 gate  19 fail  0    15.0s
[127/254] nomad-CHORxT-fP4dV     rows  30 gate  30 fail  0    28.3s
[128/254] mp-753183              rows  21 gate  20 fail  1    16.8s
[129/254] mp-759554              rows  23 gate  22 fail  1    19.6s
[130/254] mp-555976              rows  20 gate  20 fail  0    18.1s
[131/254] mp-887511              rows  34 gate  32 fail  2    33.1s
[132/254] mp-768987              rows  32 gate  32 fail  0    32.2s
[133/254] mp-1245841             rows  17 gate  17 fail  0    15.7s
[134/254] mp-24407               rows  34 gate  34 fail  0    31.9s
[135/254] mp-557569              rows  37 gate  37 fail  0    37.1s
[136/254] mp-756647              rows  21 gate  20 fail  1    21.4s
[137/254] mp-1112138             rows  19 gate  19 fail  0    16.3s
[138/254] mp-2229431             rows  28 gate  27 fail  1    30.1s
[139/254] mp-567278              rows  21 gate  21 fail  0    16.6s
[140/254] mp-1044003             rows  29 gate  29 fail  0    32.7s
[141/254] mp-28105               rows  19 gate  19 fail  0    15.2s
[142/254] mp-505574              rows  21 gate  21 fail  0    17.9s
[143/254] nomad-WjYAcipcgiRI     rows  27 gate  26 fail  1    33.0s
[144/254] nomad-6x45-ylTvOvZ     rows  29 gate  29 fail  0    34.8s
[145/254] nomad-1urv55npagDc     rows  27 gate  26 fail  1    31.5s
[146/254] mp-32108               rows  21 gate  21 fail  0    21.0s
[147/254] mp-1194734             rows  34 gate  33 fail  1    32.1s
[148/254] mp-27239               rows  20 gate  20 fail  0    19.1s
[149/254] mp-2240057             rows  27 gate  25 fail  2    30.4s
[150/254] mp-754196              rows  22 gate  21 fail  1    20.8s
[151/254] mp-1200041             rows  23 gate  23 fail  0    23.8s
[152/254] mp-1105871             rows  16 gate  16 fail  0    17.7s
[153/254] mp-30772               rows   5 gate   5 fail  0     6.6s
[154/254] mp-744554              rows  31 gate  31 fail  0    34.5s
[155/254] mp-21588               rows   3 gate   3 fail  0     5.2s
[156/254] mp-1246536             rows  33 gate  33 fail  0    38.0s
[157/254] mp-753554              rows  32 gate  32 fail  0    32.8s
[158/254] mp-1666665             rows  34 gate  34 fail  0    35.3s
[159/254] mp-998512              rows  21 gate  21 fail  0    23.1s
[160/254] mp-675781              rows  30 gate  30 fail  0    36.1s
[161/254] mp-760266              rows  35 gate  35 fail  0    41.4s
[162/254] mp-1193567             rows  33 gate  33 fail  0    42.0s
[163/254] mp-1036731             rows  20 gate  20 fail  0    19.6s
[164/254] nomad-FPTBoTAPMQA8     rows  27 gate  26 fail  1    38.2s
[165/254] mp-766093              rows  32 gate  32 fail  0    43.2s
[166/254] mp-1303576             rows  34 gate  33 fail  1    41.6s
[167/254] nomad-1CIlfNcWTE4X     rows  27 gate  27 fail  0    37.5s
[168/254] nomad--maT57oivXnQ     rows  29 gate  27 fail  2    38.3s
[169/254] nomad-FVlJ8rpkyGT5     rows  29 gate  29 fail  0    39.9s
[170/254] mp-733522              rows  31 gate  31 fail  0    40.6s
[171/254] mp-771903              rows  30 gate  29 fail  1    33.7s
[172/254] mp-779079              rows  32 gate  32 fail  0    36.7s
[173/254] mp-998613              rows  32 gate  32 fail  0    33.3s
[174/254] mp-1211797             rows  18 gate  18 fail  0    20.9s
[175/254] mp-569678              rows  20 gate  20 fail  0    25.7s
[176/254] mp-999450              rows  31 gate  31 fail  0    33.9s
[177/254] mp-773101              rows  33 gate  33 fail  0    39.1s
[178/254] mp-1192831             rows  29 gate  28 fail  1    36.8s
[179/254] mp-1197354             rows  23 gate  22 fail  1    29.0s
[180/254] mp-17103               rows  23 gate  23 fail  0    31.4s
[181/254] mp-2216496             rows  29 gate  29 fail  0    43.6s
[182/254] mp-782011              rows  35 gate  35 fail  0    51.4s
[183/254] mp-757220              rows  34 gate  34 fail  0    49.2s
[184/254] mp-1209933             rows  26 gate  26 fail  0    40.9s
[185/254] mp-864652              rows  32 gate  31 fail  1    46.8s
[186/254] mp-1173587             rows  20 gate  20 fail  0    27.7s
[187/254] mp-24460               rows  31 gate  31 fail  0    50.8s
[188/254] mp-22490               rows  16 gate  16 fail  0    21.0s
[189/254] mp-1114492             rows  22 gate  21 fail  1    28.6s
[190/254] mp-776076              rows  34 gate  34 fail  0    52.8s
[191/254] mp-768842              rows  32 gate  32 fail  0    53.1s
[192/254] mp-1097014             rows  31 gate  30 fail  1    50.1s
[193/254] mp-1228245             rows  35 gate  35 fail  0    60.6s
[194/254] mp-1261118             rows  25 gate  24 fail  1    36.1s
[195/254] mp-1199510             rows  16 gate  16 fail  0    29.1s
[196/254] nomad--g_dRNdo_53Q     rows  13 gate  13 fail  0    23.8s
[197/254] nomad-2iwRdQb9gzT1     rows  13 gate  13 fail  0    23.3s
[198/254] mp-26619               rows  33 gate  33 fail  0    62.2s
[199/254] nomad-0-ostsntWIk9     rows  14 gate  14 fail  0    26.9s
[200/254] nomad-0J594sjoAqDW     rows  28 gate  28 fail  0    57.5s
[201/254] nomad-Q4xDULo89hwd     rows  29 gate  29 fail  0    62.5s
[202/254] nomad---3hBedCnC_e     rows  19 gate  19 fail  0    43.1s
[203/254] mp-540547              rows  19 gate  19 fail  0    44.2s
[204/254] nomad-4BR68d4gtTyq     rows  30 gate  30 fail  0    65.9s
[205/254] nomad--1YLlCXKIJKj     rows  20 gate  20 fail  0    44.4s
[206/254] nomad-SzuB_oB4XzfT     rows  29 gate  29 fail  0    66.2s
[207/254] nomad-0JxkdxfFTtnZ     rows  30 gate  29 fail  1    64.4s
[208/254] nomad-BMoyqNd6y06X     rows  18 gate  18 fail  0    41.1s
[209/254] nomad-9jQMkfdCbgX_     rows  17 gate  17 fail  0    41.3s
[210/254] nomad-61GFUgm3lTUg     rows  18 gate  18 fail  0    40.8s
[211/254] nomad-6o4AmsigmNP5     rows  17 gate  17 fail  0    39.0s
[212/254] nomad--O7C25L6mxPu     rows  27 gate  26 fail  1    71.8s
[213/254] nomad-Z7Uu-1P6k4r9     rows  30 gate  30 fail  0    77.3s
[214/254] nomad-ZvTQv6REajO4     rows  29 gate  28 fail  1    75.2s
[215/254] nomad-8Hl4JATTj5Fp     rows  30 gate  29 fail  1    75.0s
[216/254] nomad-4khM-ZQ6rM_L     rows  25 gate  25 fail  0    62.8s
[217/254] nomad-7OdXN2bFHmUg     rows  29 gate  27 fail  2    74.1s
[218/254] nomad-1xNwoQ8q8XXI     rows  30 gate  28 fail  2    75.2s
[219/254] nomad-8eTSyDPSGSwy     rows  30 gate  30 fail  0    77.4s
[220/254] nomad-BbyKgzzvPkrI     rows  19 gate  19 fail  0    41.6s
[221/254] nomad-3ermMygSkKxT     rows  29 gate  29 fail  0    73.9s
[222/254] nomad-VyA9ivUfcKNR     rows  30 gate  30 fail  0    76.0s
[223/254] nomad-0pSeEEz7rc0X     rows  15 gate  15 fail  0    36.2s
[224/254] nomad-8ZPelCNdN_TR     rows  14 gate  14 fail  0    34.6s
[225/254] nomad--33WrhYeNt5f     rows  12 gate  12 fail  0    32.2s
[226/254] nomad-E0rr8BI_hRlR     rows  30 gate  29 fail  1    80.3s
[227/254] nomad-Ek0B30z0bVyP     rows  30 gate  29 fail  1    80.0s
[228/254] nomad-M8BV9zowas8w     rows  30 gate  29 fail  1    80.0s
[229/254] nomad--5wLHf6mG5_K     rows  19 gate  19 fail  0    46.0s
[230/254] nomad--kEaPn7WzevZ     rows  29 gate  29 fail  0    78.6s
[231/254] nomad-A5zDMCxBBUYc     rows  15 gate  15 fail  0    32.5s
[232/254] nomad-1DBJPWgjPfWO     rows  12 gate  12 fail  0    28.4s
[233/254] nomad-4hOaTvLmAUuc     rows  14 gate  14 fail  0    31.0s
[234/254] nomad-064_5lUOyDQI     rows  30 gate  30 fail  0    81.6s
[235/254] nomad-0HydAdmxidgt     rows  18 gate  18 fail  0    40.8s
[236/254] nomad-19wSfSWChOSI     rows  26 gate  25 fail  1    72.2s
[237/254] nomad-1Few3hG0Dkat     rows  27 gate  26 fail  1    73.1s
[238/254] nomad-5_7vAQzUevH0     rows  16 gate  16 fail  0    42.3s
[239/254] nomad--MeUbDBN9nIW     rows  13 gate  13 fail  0    37.0s
[240/254] nomad-4CA6DwNaypkT     rows  21 gate  21 fail  0    52.9s
[241/254] nomad-0xMhYZKiiVKL     rows  26 gate  26 fail  0    67.9s
[242/254] nomad-3Rqsfa2-hyu7     rows  24 gate  24 fail  0    70.5s
[243/254] nomad-1sSuZTi8blPO     rows   7 gate   7 fail  0    31.0s
[244/254] nomad-2C9dg1L8liw7     rows  13 gate  13 fail  0    38.0s
[245/254] nomad-5HCYH3PtBIoR     rows   6 gate   6 fail  0    21.1s
[246/254] nomad-1iTKfRU16qFo     rows   4 gate   4 fail  0    17.4s
[247/254] nomad--ydxPkR4Tatz     rows  27 gate  27 fail  0    77.5s
[248/254] nomad-28WEed2y6N1X     rows   7 gate   7 fail  0    21.7s
[249/254] nomad-8tU1rEspJ26T     rows   5 gate   5 fail  0    16.6s
[250/254] nomad-AUrOZMeLzRg5     rows  26 gate  24 fail  2    77.8s
[251/254] nomad-BiuRBghVF7ns     rows  21 gate  21 fail  0    48.0s
[252/254] nomad-4TmN2lwz6DHx     rows  25 gate  25 fail  0    67.1s
[253/254] nomad-0kvBRPSc8RU6     rows  19 gate  19 fail  0    49.6s
[254/254] nomad-4U-g_t9kIPQS     rows  19 gate  18 fail  1    46.4s
{
  "materials_attempted": 254,
  "materials_missing_npz": 0,
  "frozen_rows_targeted": 6343,
  "rows_regenerated": 6343,
  "rows_gate_pass": 6270,
  "failure_records": 73,
  "gate_pass_by_codec": {
    "SPERR": 1.0,
    "SZ3": 0.9623128549303046,
    "ZFP": 1.0
  },
  "gate_pass_by_system_type": {
    "bulk": 0.9896308585649108,
    "slab": 0.9848783694937541
  }
}
